1	N	49
1	J	49
1	R	49
2	N	49
2	J	50
1	Z	50
2	R	50
3	N	64
2	J	65
3	J	65
3	R	65
3	Z	68
2	R	69
0	J	74
1	R	74
2	E	74
4	N	74
4	J	75
1	Z	75
4	R	75
4	J	90
4	J	105
5	N	107
5	J	107
4	Z	108
5	R	108
4	J	110
4	R	110
5	E	110
4	Z	115
0	R	116
4	J	3067
3	R	3067
3	Z	3067
0	R	3067
4	J	3512
4	R	3512
4	Z	3512
0	R	3512
4	J	3655
4	R	3655
4	Z	3655
0	R	3655
4	J	3685
4	R	3685
4	Z	3685
0	R	3685
4	J	3805
4	R	3805
4	Z	3805
0	R	3805
4	J	5243
4	R	5243
4	Z	5243
0	R	5243
4	J	5354
4	R	5354
4	Z	5354
0	R	5354
4	J	5486
4	R	5486
4	Z	5486
0	R	5486
4	J	5617
4	R	5618
4	Z	5618
0	R	5618
4	J	5870
4	R	5870
4	Z	5870
0	R	5870
4	J	5950
4	R	5950
4	Z	5951
0	R	5951
4	J	6221
4	R	6221
4	Z	6221
0	R	6222
4	J	6363
4	R	6363
4	Z	6363
0	R	6363
4	J	6423
4	R	6423
4	Z	6423
0	R	6423
4	J	6493
4	R	6493
4	Z	6493
0	R	6493
4	J	6662
4	R	6662
4	Z	6662
0	R	6662
4	J	6762
4	R	6762
4	Z	6762
0	R	6762
4	J	6841
4	R	6841
4	Z	6841
0	R	6841
4	J	6960
4	R	6960
4	Z	6960
0	R	6960
4	J	7954
4	R	7954
6	N	7955
6	J	7955
4	Z	7956
6	R	7956
7	N	7957
7	J	7958
8	N	7958
8	J	7959
9	N	7959
9	J	7959
10	N	7959
10	J	7960
11	N	7960
11	J	7961
12	N	7961
12	J	7961
13	N	7961
13	J	7962
14	N	7962
14	J	7963
15	N	7963
15	J	7963
16	N	7963
16	J	7964
6	Z	7964
16	R	7964
16	J	7979
15	R	7979
15	J	7994
14	R	7994
14	J	8009
13	R	8009
13	J	8024
12	R	8024
12	J	8039
11	R	8039
11	J	8054
10	R	8054
10	J	8069
9	R	8069
9	J	8084
8	R	8084
8	J	8099
7	R	8099
7	J	8114
16	R	8114
16	J	8129
15	R	8129
15	J	8144
14	R	8144
14	J	8159
13	R	8159
13	J	8174
12	R	8174
12	J	8189
11	R	8189
11	J	8204
10	R	8204
10	J	8219
9	R	8219
9	J	8234
8	R	8234
8	J	8249
7	R	8249
7	J	8264
16	R	8264
16	J	8279
15	R	8279
15	J	8294
14	R	8294
14	J	8309
13	R	8309
13	J	8324
12	R	8324
12	J	8339
11	R	8339
11	J	8354
10	R	8354
10	J	8369
9	R	8369
9	J	8384
8	R	8384
8	J	8399
7	R	8399
7	J	8414
16	R	8414
16	J	8429
15	R	8429
15	J	8444
14	R	8444
14	J	8459
13	R	8459
13	J	8474
12	R	8474
12	J	8489
11	R	8489
11	J	8504
10	R	8504
10	J	8519
9	R	8519
9	J	8534
8	R	8534
8	J	8549
7	R	8549
7	J	8564
16	R	8564
16	J	8579
15	R	8579
15	J	8594
14	R	8594
14	J	8609
13	R	8609
13	J	8624
12	R	8624
12	J	8639
11	R	8639
11	J	8654
10	R	8654
10	J	8669
9	R	8669
9	J	8684
8	R	8684
8	J	8699
7	R	8699
7	J	8714
16	R	8714
16	J	8729
15	R	8729
15	J	8744
14	R	8744
14	J	8759
13	R	8759
13	J	8774
12	R	8774
12	J	8789
11	R	8789
11	J	8804
10	R	8804
10	J	8819
9	R	8819
9	J	8834
8	R	8834
8	J	8849
7	R	8849
7	J	8864
16	R	8864
16	J	8879
15	R	8879
15	J	8894
14	R	8894
14	J	8909
13	R	8909
13	J	8924
12	R	8924
12	J	8939
11	R	8939
11	J	8954
10	R	8954
10	J	8969
9	R	8969
9	J	8984
8	R	8984
8	J	8999
7	R	8999
7	J	9014
16	R	9014
16	J	9029
15	R	9029
15	J	9044
14	R	9044
14	J	9059
13	R	9059
13	J	9074
12	R	9074
12	J	9089
11	R	9089
11	J	9104
10	R	9104
10	J	9119
9	R	9119
9	J	9134
8	R	9134
8	J	9149
7	R	9149
7	J	9164
16	R	9164
16	J	9179
15	R	9179
15	J	9194
14	R	9194
14	J	9209
13	R	9209
13	J	9224
12	R	9224
12	J	9239
11	R	9239
11	J	9254
10	R	9254
10	J	9269
9	R	9269
9	J	9284
8	R	9284
8	J	9299
7	R	9299
7	J	9314
16	R	9314
16	J	9329
15	R	9329
15	J	9344
14	R	9344
14	J	9359
13	R	9359
13	J	9374
12	R	9374
12	J	9389
11	R	9389
11	J	9404
10	R	9404
10	J	9419
9	R	9419
9	J	9434
8	R	9434
8	J	9449
7	R	9449
7	J	9464
16	R	9464
16	J	9479
15	R	9479
15	J	9494
14	R	9494
14	J	9509
13	R	9509
13	J	9524
12	R	9524
12	J	9539
11	R	9539
11	J	9554
10	R	9554
10	J	9569
9	R	9569
9	J	9584
8	R	9584
8	J	9599
7	R	9599
7	J	9614
16	R	9614
16	J	9629
15	R	9629
15	J	9644
14	R	9644
14	J	9659
13	R	9659
13	J	9674
12	R	9674
12	J	9689
11	R	9689
11	J	9704
10	R	9704
10	J	9719
9	R	9719
9	J	9734
8	R	9734
8	J	9749
7	R	9749
7	J	9764
16	R	9764
16	J	9779
15	R	9779
15	J	9794
14	R	9794
14	J	9809
13	R	9809
13	J	9824
12	R	9824
12	J	9839
11	R	9839
11	J	9854
10	R	9854
10	J	9869
9	R	9869
9	J	9884
8	R	9884
8	J	9899
7	R	9899
7	J	9914
16	R	9914
16	J	9929
15	R	9929
15	J	9944
14	R	9944
14	J	9959
13	R	9959
13	J	9974
12	R	9974
12	J	9989
11	R	9989
11	J	10004
10	R	10004
10	J	10019
9	R	10019
9	J	10034
8	R	10034
8	J	10049
7	R	10049
7	J	10064
16	R	10064
16	J	10079
15	R	10079
15	J	10094
14	R	10094
14	J	10109
13	R	10109
13	J	10124
12	R	10124
12	J	10139
11	R	10139
11	J	10154
10	R	10154
10	J	10169
9	R	10169
9	J	10184
8	R	10184
8	J	10199
7	R	10199
7	J	10214
16	R	10214
16	J	10229
15	R	10229
15	J	10244
14	R	10244
14	J	10259
13	R	10259
13	J	10274
12	R	10274
12	J	10289
11	R	10289
11	J	10304
10	R	10304
10	J	10319
9	R	10319
9	J	10334
8	R	10334
8	J	10349
7	R	10349
7	J	10364
16	R	10364
16	J	10379
15	R	10379
15	J	10394
14	R	10394
14	J	10409
13	R	10409
13	J	10424
12	R	10424
12	J	10439
11	R	10439
11	J	10454
10	R	10454
10	J	10469
9	R	10469
9	J	10484
8	R	10484
8	J	10499
7	R	10499
7	J	10514
16	R	10514
16	J	10529
15	R	10529
15	J	10544
14	R	10544
14	J	10559
13	R	10559
13	J	10574
12	R	10574
12	J	10589
11	R	10589
11	J	10604
10	R	10604
10	J	10619
9	R	10619
9	J	10634
8	R	10634
8	J	10649
7	R	10649
7	J	10664
16	R	10664
16	J	10679
15	R	10679
15	J	10694
14	R	10694
14	J	10709
13	R	10709
13	J	10724
12	R	10724
12	J	10739
11	R	10739
11	J	10754
10	R	10754
10	J	10769
9	R	10769
9	J	10784
8	R	10784
8	J	10799
7	R	10799
7	J	10814
16	R	10814
16	J	10829
15	R	10829
15	J	10844
14	R	10844
14	J	10859
13	R	10859
13	J	10874
12	R	10874
12	J	10889
11	R	10889
11	J	10904
10	R	10904
10	J	10919
9	R	10919
9	J	10934
8	R	10934
8	J	10949
7	R	10949
7	J	10964
16	R	10964
16	J	10979
15	R	10979
15	J	10994
14	R	10994
14	J	11009
13	R	11009
13	J	11024
12	R	11024
12	J	11039
11	R	11039
11	J	11054
10	R	11054
10	J	11069
9	R	11069
9	J	11084
8	R	11084
8	J	11099
7	R	11099
7	J	11114
16	R	11114
16	J	11129
15	R	11129
15	J	11144
14	R	11144
14	J	11159
13	R	11159
13	J	11174
12	R	11174
12	J	11189
11	R	11189
11	J	11204
10	R	11204
10	J	11219
9	R	11219
9	J	11234
8	R	11234
8	J	11249
7	R	11249
7	J	11264
16	R	11264
16	J	11279
15	R	11279
15	J	11294
14	R	11294
14	J	11309
13	R	11309
13	J	11324
12	R	11324
12	J	11339
11	R	11339
11	J	11354
10	R	11354
10	J	11369
9	R	11369
9	J	11384
8	R	11384
8	J	11399
7	R	11399
7	J	11414
16	R	11414
16	J	11429
15	R	11429
15	J	11444
14	R	11444
14	J	11459
13	R	11459
13	J	11474
12	R	11474
12	J	11489
11	R	11489
11	J	11504
10	R	11504
10	J	11519
9	R	11519
9	J	11534
8	R	11534
8	J	11549
7	R	11549
7	J	11564
16	R	11564
16	J	11579
15	R	11579
15	J	11594
14	R	11594
14	J	11609
13	R	11609
13	J	11624
12	R	11624
12	J	11639
11	R	11639
11	J	11654
10	R	11654
10	J	11669
9	R	11669
9	J	11684
8	R	11684
8	J	11699
7	R	11699
7	J	11714
16	R	11714
16	J	11729
15	R	11729
15	J	11744
14	R	11744
14	J	11759
13	R	11759
13	J	11774
12	R	11774
12	J	11789
11	R	11789
11	J	11804
10	R	11804
10	J	11819
9	R	11819
9	J	11834
8	R	11834
8	J	11849
7	R	11849
7	J	11864
16	R	11864
16	J	11879
15	R	11879
15	J	11894
14	R	11894
14	J	11909
13	R	11909
13	J	11924
12	R	11924
12	J	11939
11	R	11939
11	J	11954
10	R	11954
10	J	11969
9	R	11969
9	J	11984
8	R	11984
8	J	11999
7	R	11999
7	J	12014
16	R	12014
16	J	12029
15	R	12029
15	J	12044
14	R	12044
14	J	12059
13	R	12059
13	J	12074
12	R	12074
12	J	12089
11	R	12089
11	J	12104
10	R	12104
10	J	12119
9	R	12119
9	J	12134
8	R	12134
8	J	12149
7	R	12149
7	J	12164
16	R	12164
16	J	12179
15	R	12179
15	J	12194
14	R	12194
14	J	12209
13	R	12209
13	J	12224
12	R	12224
12	J	12239
11	R	12239
11	J	12254
10	R	12254
10	J	12269
9	R	12269
9	J	12284
8	R	12284
8	J	12299
7	R	12299
7	J	12314
16	R	12314
16	J	12329
15	R	12329
15	J	12344
14	R	12344
14	J	12359
13	R	12359
13	J	12374
12	R	12374
12	J	12389
11	R	12389
11	J	12404
10	R	12404
10	J	12419
9	R	12419
9	J	12434
8	R	12434
8	J	12449
7	R	12449
7	J	12464
16	R	12464
16	J	12479
15	R	12479
15	J	12494
14	R	12494
14	J	12509
13	R	12509
13	J	12524
12	R	12524
12	J	12539
11	R	12539
11	J	12554
10	R	12554
10	J	12569
9	R	12569
9	J	12584
8	R	12584
8	J	12599
7	R	12599
7	J	12614
16	R	12614
16	J	12629
15	R	12629
15	J	12644
14	R	12644
14	J	12659
13	R	12659
13	J	12674
12	R	12674
12	J	12689
11	R	12689
11	J	12704
10	R	12704
10	J	12719
9	R	12719
9	J	12734
8	R	12734
8	J	12749
7	R	12749
7	J	12764
16	R	12764
16	J	12779
15	R	12779
15	J	12794
14	R	12794
14	J	12809
13	R	12809
13	J	12824
12	R	12824
12	J	12839
11	R	12839
11	J	12854
10	R	12854
10	J	12869
9	R	12869
9	J	12884
8	R	12884
8	J	12899
7	R	12899
7	J	12914
16	R	12914
16	J	12929
15	R	12929
15	J	12944
14	R	12944
14	J	12959
13	R	12959
13	J	12974
12	R	12974
12	J	12989
11	R	12989
11	J	13004
10	R	13004
10	J	13019
9	R	13019
9	J	13034
8	R	13034
8	J	13049
7	R	13049
7	J	13064
16	R	13064
16	J	13079
15	R	13079
15	J	13094
14	R	13094
14	J	13109
13	R	13109
13	J	13124
12	R	13124
12	J	13139
11	R	13139
11	J	13154
10	R	13154
10	J	13169
9	R	13169
9	J	13184
8	R	13184
8	J	13199
7	R	13199
7	J	13214
16	R	13214
16	J	13229
15	R	13229
15	J	13244
14	R	13244
14	J	13259
13	R	13259
13	J	13274
12	R	13274
12	J	13289
11	R	13289
11	J	13304
10	R	13304
10	J	13319
9	R	13319
9	J	13334
8	R	13334
8	J	13349
7	R	13349
7	J	13364
16	R	13364
16	J	13379
15	R	13379
15	J	13394
14	R	13394
14	J	13409
13	R	13409
13	J	13424
12	R	13424
12	J	13439
11	R	13439
11	J	13454
10	R	13454
10	J	13469
9	R	13469
9	J	13484
8	R	13484
8	J	13499
7	R	13499
7	J	13514
16	R	13514
16	J	13529
15	R	13529
15	J	13544
14	R	13544
14	J	13559
13	R	13559
13	J	13574
12	R	13574
12	J	13589
11	R	13589
11	J	13604
10	R	13604
10	J	13619
9	R	13619
9	J	13634
8	R	13634
8	J	13649
7	R	13649
7	J	13664
16	R	13664
16	J	13679
15	R	13679
15	J	13694
14	R	13694
14	J	13709
13	R	13709
13	J	13724
12	R	13724
12	J	13739
11	R	13739
11	J	13754
10	R	13754
10	J	13769
9	R	13769
9	J	13784
8	R	13784
8	J	13799
7	R	13799
7	J	13814
16	R	13814
16	J	13829
15	R	13829
15	J	13844
14	R	13844
14	J	13859
13	R	13859
13	J	13874
12	R	13874
12	J	13889
11	R	13889
11	J	13904
10	R	13904
10	J	13919
9	R	13919
9	J	13934
8	R	13934
8	J	13949
7	R	13949
7	J	13964
16	R	13964
16	Z	13964
15	R	13964
15	J	13979
14	R	13979
14	J	13994
13	R	13994
13	J	14009
12	R	14009
12	J	14024
11	R	14024
11	J	14039
10	R	14039
10	J	14054
9	R	14054
9	J	14069
1	J	14069
16	R	14069
16	Z	14069
8	R	14069
8	J	14084
7	R	14084
7	J	14099
15	R	14099
15	J	14114
14	R	14114
14	J	14129
13	R	14129
13	J	14144
12	R	14144
12	J	14159
11	R	14159
11	J	14174
1	J	14174
16	R	14174
16	Z	14174
10	R	14174
10	J	14189
9	R	14189
9	J	14204
8	R	14204
8	J	14219
7	R	14219
7	J	14234
15	R	14234
15	J	14249
14	R	14249
14	J	14264
13	R	14264
13	J	14279
1	J	14279
16	R	14279
16	Z	14279
12	R	14279
12	J	14294
11	R	14294
11	J	14309
10	R	14309
10	J	14324
9	R	14324
9	J	14339
8	R	14339
8	J	14354
7	R	14354
7	J	14369
15	R	14369
15	J	14384
1	J	14384
16	R	14384
16	Z	14384
14	R	14384
14	J	14399
13	R	14399
13	J	14414
12	R	14414
12	J	14429
11	R	14429
11	J	14444
10	R	14444
10	J	14459
9	R	14459
9	J	14474
8	R	14474
8	J	14489
1	J	14489
16	R	14489
16	Z	14489
7	R	14489
7	J	14504
15	R	14504
15	J	14519
14	R	14519
14	J	14534
13	R	14534
13	J	14549
12	R	14549
12	J	14564
11	R	14564
11	J	14579
10	R	14579
10	J	14594
1	J	14594
16	R	14594
16	Z	14594
9	R	14594
9	J	14609
8	R	14609
8	J	14624
7	R	14624
7	J	14639
15	R	14639
15	J	14654
14	R	14654
14	J	14669
13	R	14669
13	J	14684
12	R	14684
12	J	14699
1	J	14699
16	R	14699
16	Z	14699
11	R	14699
11	J	14714
10	R	14714
10	J	14729
9	R	14729
9	J	14744
8	R	14744
8	J	14759
7	R	14759
7	J	14774
15	R	14774
15	Z	14784
14	R	14784
14	J	14799
13	R	14799
13	J	14814
1	J	14814
16	R	14814
16	Z	14814
12	R	14814
12	J	14829
11	R	14829
11	J	14844
10	R	14844
10	J	14859
9	R	14859
9	J	14874
8	R	14874
8	J	14889
1	J	14889
7	R	14889
7	J	14904
15	R	14904
15	Z	14904
14	R	14904
14	J	14919
1	J	14919
16	R	14919
0	J	14919
6	R	14919
16	E	14919
6	Z	14919
13	R	14919
13	J	14934
12	R	14934
12	J	14949
11	R	14949
11	J	14964
10	R	14964
10	J	14979
9	R	14979
9	J	14994
8	R	14994
8	J	15009
1	J	15009
15	R	15009
15	Z	15009
7	R	15009
7	J	15024
14	R	15024
14	J	15039
13	R	15039
13	J	15054
12	R	15054
12	J	15069
11	R	15069
11	J	15084
10	R	15084
10	J	15099
9	R	15099
9	J	15114
1	J	15114
15	R	15114
15	Z	15114
8	R	15114
8	J	15129
7	R	15129
7	J	15144
14	R	15144
14	J	15159
13	R	15159
13	J	15174
12	R	15174
12	J	15189
11	R	15189
11	J	15204
10	R	15204
10	J	15219
1	J	15219
15	R	15219
15	Z	15219
9	R	15219
9	J	15234
8	R	15234
8	J	15249
7	R	15249
7	J	15264
14	R	15264
14	J	15279
13	R	15279
13	J	15294
12	R	15294
12	J	15309
11	R	15309
11	J	15324
0	J	15324
6	R	15324
11	E	15325
15	R	15325
15	Z	15325
6	R	15325
6	Z	15325
10	R	15325
10	J	15340
9	R	15340
9	J	15355
8	R	15355
8	J	15370
7	R	15370
7	J	15385
14	R	15385
14	J	15400
13	R	15400
13	J	15415
12	R	15415
12	J	15430
1	J	15430
15	R	15430
15	Z	15430
10	R	15430
10	J	15445
9	R	15445
9	J	15460
8	R	15460
8	J	15475
7	R	15475
7	J	15490
14	R	15490
14	J	15505
13	R	15505
13	J	15520
12	R	15520
12	J	15535
0	J	15535
12	J	15536
15	Z	15536
6	R	15536
12	E	15536
6	Z	15536
10	R	15536
10	J	15551
9	R	15551
9	J	15566
8	R	15566
8	J	15581
7	R	15581
7	J	15596
14	R	15596
14	Z	15601
13	R	15601
13	J	15616
10	R	15616
10	J	15631
9	R	15631
9	J	15646
1	J	15646
15	R	15646
0	J	15646
6	R	15646
15	E	15646
6	Z	15646
8	R	15646
8	J	15661
7	R	15661
7	J	15676
13	R	15676
13	J	15691
10	R	15691
10	J	15706
1	J	15706
14	R	15706
14	Z	15706
9	R	15706
9	J	15721
8	R	15721
8	J	15736
7	R	15736
7	J	15751
13	R	15751
13	J	15766
10	R	15766
10	J	15781
9	R	15781
9	J	15796
8	R	15796
8	J	15811
0	J	15811
6	R	15811
8	E	15812
6	Z	15812
14	R	15812
14	Z	15812
7	R	15812
7	J	15827
13	R	15827
13	J	15842
10	R	15842
10	J	15857
9	R	15857
9	J	15872
7	R	15872
7	J	15887
13	R	15887
13	J	15902
10	R	15902
10	J	15917
0	J	15917
6	R	15917
10	E	15918
14	R	15918
14	Z	15918
6	R	15918
6	Z	15918
9	R	15918
9	J	15933
7	R	15933
7	J	15948
13	R	15948
13	J	15963
9	R	15963
9	J	15978
7	R	15978
7	J	15993
13	R	15993
13	J	16008
9	R	16008
9	J	16023
1	J	16023
14	R	16023
14	Z	16023
7	R	16023
7	J	16038
13	R	16038
13	Z	16038
9	R	16038
9	J	16053
7	R	16053
7	J	16068
9	R	16068
9	J	16083
7	R	16083
7	J	16098
9	R	16098
9	J	16113
7	R	16113
7	J	16128
1	J	16128
14	R	16128
14	Z	16128
9	R	16128
9	J	16143
1	J	16143
13	R	16143
13	Z	16143
7	R	16143
7	J	16158
9	R	16158
9	J	16173
7	R	16173
7	J	16188
9	R	16188
9	J	16203
7	R	16203
7	J	16218
9	R	16218
9	J	16233
0	J	16233
14	R	16233
14	Z	16234
6	R	16234
9	E	16234
6	Z	16234
7	R	16234
7	J	16249
1	J	16249
13	R	16249
13	Z	16249
7	R	16249
7	J	16264
7	J	16279
7	J	16294
7	J	16309
7	J	16324
7	J	16339
1	J	16339
14	R	16339
0	J	16339
6	R	16339
14	E	16339
6	Z	16339
7	R	16339
7	J	16354
1	J	16354
13	R	16354
13	Z	16354
7	R	16354
7	J	16369
7	J	16384
7	J	16399
7	J	16414
7	J	16429
7	J	16444
7	J	16459
1	J	16459
13	R	16459
13	Z	16459
7	R	16459
7	J	16474
7	J	16489
7	J	16504
7	J	16519
7	J	16534
7	J	16549
7	J	16564
1	J	16564
13	R	16564
13	Z	16564
7	R	16564
7	J	16579
7	J	16594
7	J	16609
7	J	16624
7	J	16639
7	J	16654
7	J	16669
1	J	16669
13	R	16669
0	J	16669
6	R	16669
13	E	16669
6	Z	16669
7	R	16669
7	J	16684
7	J	16699
7	J	16714
7	J	16729
7	J	16744
0	J	16744
6	R	16744
7	E	16744
0	J	16746
4	R	16746
6	E	16746
17	N	16746
17	J	16747
4	Z	16747
17	R	16747
4	J	16749
4	R	16749
17	E	16750
4	Z	16750
0	R	16750
4	J	19325
4	R	19325
4	Z	19325
0	R	19325
4	J	19467
4	R	19467
4	Z	19467
0	R	19467
4	J	19617
4	R	19617
4	Z	19618
0	R	19618
4	J	19726
4	R	19726
4	Z	19726
0	R	19726
4	J	20571
4	R	20571
4	Z	20571
0	R	20571
4	J	20678
4	R	20678
4	Z	20678
0	R	20679
4	J	22488
4	R	22488
4	Z	22488
0	R	22488
4	J	22620
4	R	22620
4	Z	22620
0	R	22620
4	J	23434
4	R	23434
4	Z	23434
0	R	23434
4	J	23523
4	R	23523
4	Z	23523
0	R	23523
4	J	23544
4	R	23544
4	Z	23544
0	R	23544
4	J	23666
4	R	23666
4	Z	23666
0	R	23666
4	J	24191
4	R	24191
18	N	24193
18	J	24193
4	Z	24194
18	R	24194
